░░ FINN'S REALM  1.11p ▀ klymacks ▀▀▀▀▀▀▀▀▀▀▀▀▀▀▀▀▀▀▀▀▀▀▀▀▀▀▀▀▀▀▀▀▀▀▀▀▀ sysop ░░
                                                                                
                                                                                
                                                                                
   ▄▄▄ ▄▄▄  ▄▄▄      ▄▄▄ ▄▄▄ ▄▄▄▄▄▄  ▄▄     ▄▄▄▄▄    ▄▄▄▄▄   ▄▄▄ ▄▄▄  ▄▄▄▄▄▄▄   
  ▐▒▓▒ ▒▓▒▌▐▄▓▒     ▐▒▓▒ ▒▓▒▌█▒░▒░▒▄▒▄▒▀▄  ▄▓▒░▒▓▄  ▄▓▒░▒▓▄ ▐▒▓▒ ▒▓▒▌▐▒▓▒▀▒▓▒▌  
 ░▐▓▒░ ░▒▓▌▐▓▒░     ▐▓▒░ ░▒▓▌█▓▒░▀░▒▓▀░▒▓▌▐▓▒░▀░▒▓▌▐▓▒░▀░▒▓▌▐▓▒░ ░▒▓▌▐▓▒░ ░▒▓▌░ 
  ▐▒░▓▄▓▄▀ ▐▒░▓     ▐▒░▓▄▓░▒▌█▒░▓ ▓░▒ ▓░▒▌▐▒░▓▄▓░▒▌▐▒░▓ ▀▀▀▀▐▒░▓▄▓▄▀ ▐▒░▓▄▄▄▄   
  ▐░░▓▀▄░▀ ▐░░▓      ▀▀▀▀▓░░▌▓░░▓ ▓░░ ▓░░▌▐░░▓▀▓░░▌▐░░▓     ▐░░▓▀▄░▀  ▀▀▀▀▓░░▌  
  ▐░▒▒ ▒▒░▌▐░▒▒ ▄▄▄▄ ▄▄▄ ▒▒░▌▒░▒▒ ▒▒░ ▒▒░▌▐░▒▒ ▒▒░▌▐░▒▒ ▄▄▄▄▐░▒▒ ▒▒░▌▐░▒▒ ▒▒░▌  
  ▐▒▓░ ░▓░▌▐▒▓░▄░▓░░▐▒▓░▄░▓░▌░▒▄░ ░▄▓ ░▄▓▌▐▒▓░ ░▓░▌▐▒▓░▄░▓░░▐▒▓░ ░▓░▌▐▒▓░▄░▓░▌  
   ▀▀   ▀▀  ▀▀▀▀▀▀▀  ▀▀▀▀▀▀▀ ▀▀▀▀ ▀▀▀ ▀▀▀▀ ▀▀   ▀▀  ▀▀▀▀▀▀▀  ▀▀   ▀▀  ▀▀▀▀▀▀▀   
           ░░░░▒▒▒▒▒▒▒▒▒▒▒▒▒▒▒▒▒▒▒▒▒▒▒▒▒▒▒▒▒▒▒▒▒▒▒▒▒▒▒▒▒▒▒▒▒▒▒▒▒▒▒░░░           
             ░░░░▒▒▒▒▒▒▒▒▒▒▒▒▒▒▒▒▒▒▒▒▒▒▒▒▒▒▒▒▒▒▒▒▒▒▒▒▒▒▒▒▒▒▒▒▒▒▒░░░             
                                                                                
                                           █ ▄█               ▄▄                
     ▄▄█  ▄▄  ▄▄▄▄  ▄▄██▄▄ ▄   ▄   ▄▄▄▄    ▄██▄ ▄   ▄  ▄▄██▄▄ ██   ▄▄█  ▄▄      
    ░▀█▄█▄█▀▓██████▓██████▓██▄▀██▓██▄ ▀▀▓▓▓████▓██▄▀██▓██████▓██  ▓▀█▄█▄█▀░     
     ███ ███░██████▒██████▒██  █▀▒ ▀▀██▄▒▒▒████▒██  █▀▒██████▒███ ░███ ███      
     ████▀██ ▀█▄▄█▀▒▀█▄▀█▀▒█▀    ▒▀█▄▄█▀▒▒▒█▀█▄▒█▀    ▒▀█▄▀█▀░▀█▄▀ ████▀██      
     ▄▄█▀███        ██████                             ██████      ▄▄█▀███      
        ·                         yours truly                          ·        
                                the gate closes.                                
                                  still here.                                   
                                                                                
